2026-06-17T13:43:48.794726Z 0 [System] [MY-015015] [Server] MySQL Server - start.
2026-06-17T13:43:49.028981Z 0 [Warning] [MY-010097] [Server] Insecure configuration for --secure-file-priv: Current value does not restrict location of generated files. Consider setting it to a valid, non-empty path.
2026-06-17T13:43:49.029143Z 0 [System] [MY-010116] [Server] C:\laragon\bin\mysql\mysql-8.4.3-winx64\bin\mysqld (mysqld 8.4.3) starting as process 4084
2026-06-17T13:43:49.105457Z 1 [System] [MY-013576] [InnoDB] InnoDB initialization has started.
2026-06-17T13:43:49.804010Z 1 [System] [MY-013577] [InnoDB] InnoDB initialization has ended.
2026-06-17T13:43:50.437246Z 0 [Warning] [MY-013829] [Server] Missing data directory for ICU regular expressions: C:\laragon\bin\mysql\mysql-8.4.3-winx64\lib\private\.
2026-06-17T13:43:50.491531Z 0 [Warning] [MY-010068] [Server] CA certificate ca.pem is self signed.
2026-06-17T13:43:50.494248Z 0 [System] [MY-013602] [Server] Channel mysql_main configured to support TLS. Encrypted connections are now supported for this channel.
2026-06-17T13:43:50.677143Z 0 [System] [MY-011323] [Server] X Plugin ready for connections. Bind-address: '::' port: 33060
2026-06-17T13:43:50.677364Z 0 [System] [MY-010931] [Server] C:\laragon\bin\mysql\mysql-8.4.3-winx64\bin\mysqld: ready for connections. Version: '8.4.3'  socket: ''  port: 3306  MySQL Community Server - GPL.
2026-06-17T14:04:48.473423Z 0 [System] [MY-015015] [Server] MySQL Server - start.
2026-06-17T14:04:48.836846Z 0 [Warning] [MY-010097] [Server] Insecure configuration for --secure-file-priv: Current value does not restrict location of generated files. Consider setting it to a valid, non-empty path.
2026-06-17T14:04:48.836943Z 0 [System] [MY-010116] [Server] C:\laragon\bin\mysql\mysql-8.4.3-winx64\bin\mysqld (mysqld 8.4.3) starting as process 11888
2026-06-17T14:04:48.964696Z 1 [System] [MY-013576] [InnoDB] InnoDB initialization has started.
2026-06-17T14:04:48.969008Z 1 [ERROR] [MY-012271] [InnoDB] The innodb_system data file 'ibdata1' must be writable
2026-06-17T14:04:48.969895Z 1 [ERROR] [MY-012278] [InnoDB] The innodb_system data file 'ibdata1' must be writable
2026-06-17T14:04:48.970630Z 1 [ERROR] [MY-010334] [Server] Failed to initialize DD Storage Engine
2026-06-17T14:04:48.973019Z 0 [ERROR] [MY-010020] [Server] Data Dictionary initialization failed.
2026-06-17T14:04:48.974090Z 0 [ERROR] [MY-010119] [Server] Aborting
2026-06-17T14:04:48.986881Z 0 [System] [MY-010910] [Server] C:\laragon\bin\mysql\mysql-8.4.3-winx64\bin\mysqld: Shutdown complete (mysqld 8.4.3)  MySQL Community Server - GPL.
2026-06-17T14:04:48.988421Z 0 [System] [MY-015016] [Server] MySQL Server - end.
2026-06-17T14:05:20.460370Z 0 [System] [MY-015015] [Server] MySQL Server - start.
2026-06-17T14:05:20.719438Z 0 [Warning] [MY-010097] [Server] Insecure configuration for --secure-file-priv: Current value does not restrict location of generated files. Consider setting it to a valid, non-empty path.
2026-06-17T14:05:20.719550Z 0 [System] [MY-010116] [Server] C:\laragon\bin\mysql\mysql-8.4.3-winx64\bin\mysqld (mysqld 8.4.3) starting as process 26196
2026-06-17T14:05:20.829787Z 1 [System] [MY-013576] [InnoDB] InnoDB initialization has started.
2026-06-17T14:05:20.832443Z 1 [ERROR] [MY-012271] [InnoDB] The innodb_system data file 'ibdata1' must be writable
2026-06-17T14:05:20.835948Z 1 [ERROR] [MY-012278] [InnoDB] The innodb_system data file 'ibdata1' must be writable
2026-06-17T14:05:20.838596Z 1 [ERROR] [MY-010334] [Server] Failed to initialize DD Storage Engine
2026-06-17T14:05:20.841285Z 0 [ERROR] [MY-010020] [Server] Data Dictionary initialization failed.
2026-06-17T14:05:20.842693Z 0 [ERROR] [MY-010119] [Server] Aborting
2026-06-17T14:05:20.854284Z 0 [System] [MY-010910] [Server] C:\laragon\bin\mysql\mysql-8.4.3-winx64\bin\mysqld: Shutdown complete (mysqld 8.4.3)  MySQL Community Server - GPL.
2026-06-17T14:05:20.855509Z 0 [System] [MY-015016] [Server] MySQL Server - end.
2026-06-17T14:06:05.538820Z 0 [System] [MY-015015] [Server] MySQL Server - start.
2026-06-17T14:06:05.793144Z 0 [Warning] [MY-010097] [Server] Insecure configuration for --secure-file-priv: Current value does not restrict location of generated files. Consider setting it to a valid, non-empty path.
2026-06-17T14:06:05.793231Z 0 [System] [MY-010116] [Server] C:\laragon\bin\mysql\mysql-8.4.3-winx64\bin\mysqld (mysqld 8.4.3) starting as process 16084
2026-06-17T14:06:05.872251Z 1 [System] [MY-013576] [InnoDB] InnoDB initialization has started.
2026-06-17T14:06:05.881956Z 1 [ERROR] [MY-012271] [InnoDB] The innodb_system data file 'ibdata1' must be writable
2026-06-17T14:06:05.884277Z 1 [ERROR] [MY-012278] [InnoDB] The innodb_system data file 'ibdata1' must be writable
2026-06-17T14:06:05.887036Z 1 [ERROR] [MY-010334] [Server] Failed to initialize DD Storage Engine
2026-06-17T14:06:05.889769Z 0 [ERROR] [MY-010020] [Server] Data Dictionary initialization failed.
2026-06-17T14:06:05.890620Z 0 [ERROR] [MY-010119] [Server] Aborting
2026-06-17T14:06:05.898743Z 0 [System] [MY-010910] [Server] C:\laragon\bin\mysql\mysql-8.4.3-winx64\bin\mysqld: Shutdown complete (mysqld 8.4.3)  MySQL Community Server - GPL.
2026-06-17T14:06:05.904490Z 0 [System] [MY-015016] [Server] MySQL Server - end.
2026-06-17T14:12:35.121173Z 0 [System] [MY-015015] [Server] MySQL Server - start.
2026-06-17T14:12:35.483562Z 0 [Warning] [MY-010097] [Server] Insecure configuration for --secure-file-priv: Current value does not restrict location of generated files. Consider setting it to a valid, non-empty path.
2026-06-17T14:12:35.484300Z 0 [System] [MY-010116] [Server] C:\laragon\bin\mysql\mysql-8.4.3-winx64\bin\mysqld (mysqld 8.4.3) starting as process 18272
